00:00 +0: loading /home/user/workspace/kugoFlutter/app/test/p1_player_lifecycle_test.dart
00:00 +0: /home/user/workspace/kugoFlutter/app/test/p1_player_lifecycle_test.dart: R03 stale catalog cannot replace new track (cross-source=false)
00:00 +1: /home/user/workspace/kugoFlutter/app/test/p1_player_lifecycle_test.dart: R03 stale catalog cannot replace new track (cross-source=true)
00:00 +2: /home/user/workspace/kugoFlutter/app/test/p1_player_lifecycle_test.dart: R03 catalog is stale after same-track reload generation
00:00 +3: /home/user/workspace/kugoFlutter/app/test/p1_player_lifecycle_test.dart: R04 quality preserves paused=false at 0 ms
00:00 +4: /home/user/workspace/kugoFlutter/app/test/p1_player_lifecycle_test.dart: R04 quality preserves paused=false at 45000 ms
00:00 +5: /home/user/workspace/kugoFlutter/app/test/p1_player_lifecycle_test.dart: R04 quality preserves paused=true at 0 ms
00:01 +6: /home/user/workspace/kugoFlutter/app/test/p1_player_lifecycle_test.dart: R04 quality preserves paused=true at 45000 ms
00:01 +7: /home/user/workspace/kugoFlutter/app/test/p1_player_lifecycle_test.dart: R04 user pause during quality resolution wins
00:01 +8: /home/user/workspace/kugoFlutter/app/test/p1_player_lifecycle_test.dart: R04 user pause during quality resolution wins
00:01 +9: /home/user/workspace/kugoFlutter/app/test/p1_player_lifecycle_test.dart: R04 user pause during quality resolution wins
00:01 +10: /home/user/workspace/kugoFlutter/app/test/p1_player_lifecycle_test.dart: R04 user pause during quality resolution wins
00:01 +11: /home/user/workspace/kugoFlutter/app/test/p1_player_lifecycle_test.dart: R04 user pause during quality resolution wins
00:01 +12: /home/user/workspace/kugoFlutter/app/test/p1_player_lifecycle_test.dart: R04 user pause during quality resolution wins
00:01 +12: /home/user/workspace/kugoFlutter/app/test/p1_storage_test.dart: R07/R08 real v1 SQLite migration preserves queue and history
WARNING (drift): It looks like you've created the database class KugoDb multiple times. When these two databases use the same QueryExecutor, race conditions will occur and might corrupt the database. 
Try to follow the advice at https://drift.simonbinder.eu/faq/#using-the-database or, if you know what you're doing, set driftRuntimeOptions.dontWarnAboutMultipleDatabases = true
Here is the stacktrace from when the database was opened a second time:
#0      GeneratedDatabase._handleInstantiated (package:drift/src/runtime/api/db_base.dart:96:30)
#1      GeneratedDatabase._whenConstructed (package:drift/src/runtime/api/db_base.dart:73:12)
#2      new GeneratedDatabase (package:drift/src/runtime/api/db_base.dart:64:5)
#3      new _$KugoDb (package:kugo/data/storage/kugo_db.g.dart:1859:31)
#4      new KugoDb.forTesting (package:kugo/data/storage/kugo_db.dart)
#5      main.<anonymous closure> (file:///home/user/workspace/kugoFlutter/app/test/p1_storage_test.dart:180:31)
#6      Declarer.test.<anonymous closure>.<anonymous closure> (package:test_api/src/backend/declarer.dart:253:25)
<asynchronous suspension>
#7      Declarer.test.<anonymous closure> (package:test_api/src/backend/declarer.dart:250:11)
<asynchronous suspension>
#8      Invoker._waitForOutstandingCallbacks.<anonymous closure> (package:test_api/src/backend/invoker.dart:318:9)
<asynchronous suspension>
This warning will only appear on debug builds.
00:01 +13: /home/user/workspace/kugoFlutter/app/test/p1_player_lifecycle_test.dart: R04 user pause during quality resolution wins
00:01 +13: /home/user/workspace/kugoFlutter/app/test/p1_storage_test.dart: R07/R08 real v2 SQLite migration preserves queue and history
WARNING (drift): It looks like you've created the database class KugoDb multiple times. When these two databases use the same QueryExecutor, race conditions will occur and might corrupt the database. 
Try to follow the advice at https://drift.simonbinder.eu/faq/#using-the-database or, if you know what you're doing, set driftRuntimeOptions.dontWarnAboutMultipleDatabases = true
Here is the stacktrace from when the database was opened a second time:
#0      GeneratedDatabase._handleInstantiated (package:drift/src/runtime/api/db_base.dart:96:30)
#1      GeneratedDatabase._whenConstructed (package:drift/src/runtime/api/db_base.dart:73:12)
#2      new GeneratedDatabase (package:drift/src/runtime/api/db_base.dart:64:5)
#3      new _$KugoDb (package:kugo/data/storage/kugo_db.g.dart:1859:31)
#4      new KugoDb.forTesting (package:kugo/data/storage/kugo_db.dart)
#5      main.<anonymous closure> (file:///home/user/workspace/kugoFlutter/app/test/p1_storage_test.dart:180:31)
00:01 +14: /home/user/workspace/kugoFlutter/app/test/p1_storage_test.dart: R07/R08 real v2 SQLite migration preserves queue and history
#6      Declarer.test.<anonymous closure>.<anonymous closure> (package:test_api/src/backend/declarer.dart:253:25)
<asynchronous suspension>
#7      Declarer.test.<anonymous closure> (package:test_api/src/backend/declarer.dart:250:11)
<asynchronous suspension>
#8      Invoker._waitForOutstandingCallbacks.<anonymous closure> (package:test_api/src/backend/invoker.dart:318:9)
<asynchronous suspension>
This warning will only appear on debug builds.
00:01 +15: /home/user/workspace/kugoFlutter/app/test/p1_player_lifecycle_test.dart: R04 old in-flight quality seek settles before new native source
00:01 +16: /home/user/workspace/kugoFlutter/app/test/p1_player_lifecycle_test.dart: R04 old in-flight quality seek settles before new native source
00:02 +17: /home/user/workspace/kugoFlutter/app/test/p1_player_lifecycle_test.dart: R03 current catalog patches metadata and keeps track duration
00:02 +18: /home/user/workspace/kugoFlutter/app/test/p1_player_lifecycle_test.dart: R12 first successful play saves periodically without pause/resume
00:02 +19: /home/user/workspace/kugoFlutter/app/test/p1_player_lifecycle_test.dart: R12 first successful play saves periodically without pause/resume
00:02 +20: /home/user/workspace/kugoFlutter/app/test/p1_player_lifecycle_test.dart: R12 first successful play saves periodically without pause/resume
00:02 +21: /home/user/workspace/kugoFlutter/app/test/p1_player_lifecycle_test.dart: R12 first successful play saves periodically without pause/resume
00:02 +22: /home/user/workspace/kugoFlutter/app/test/p1_player_lifecycle_test.dart: R12 first successful play saves periodically without pause/resume
00:02 +23: /home/user/workspace/kugoFlutter/app/test/p1_player_lifecycle_test.dart: R12 first successful play saves periodically without pause/resume
00:02 +24: /home/user/workspace/kugoFlutter/app/test/p1_player_lifecycle_test.dart: R12 first successful play saves periodically without pause/resume
00:02 +25: /home/user/workspace/kugoFlutter/app/test/p1_player_lifecycle_test.dart: R12 first successful play saves periodically without pause/resume
00:02 +25: /home/user/workspace/kugoFlutter/app/test/p1_auth_transport_test.dart: R09 confirmed QR replaces old account and old CSRF rather than merging
[preheat] status=200 setCookie=0
00:02 +26: /home/user/workspace/kugoFlutter/app/test/p1_player_lifecycle_test.dart: R12 first successful play saves periodically without pause/resume
00:02 +27: /home/user/workspace/kugoFlutter/app/test/p1_player_lifecycle_test.dart: R12 first successful play saves periodically without pause/resume
00:02 +28: /home/user/workspace/kugoFlutter/app/test/p1_player_lifecycle_test.dart: R12 first successful play saves periodically without pause/resume
00:02 +29: /home/user/workspace/kugoFlutter/app/test/p1_player_lifecycle_test.dart: R12 first successful play saves periodically without pause/resume
00:02 +30: /home/user/workspace/kugoFlutter/app/test/p1_player_lifecycle_test.dart: R12 first successful play saves periodically without pause/resume
00:02 +31: /home/user/workspace/kugoFlutter/app/test/p1_player_lifecycle_test.dart: R12 first successful play saves periodically without pause/resume
00:06 +32: /home/user/workspace/kugoFlutter/app/test/p1_player_lifecycle_test.dart: R04 failed paused quality reload does not auto-play the next song
00:06 +33: /home/user/workspace/kugoFlutter/app/test/p1_player_lifecycle_test.dart: R12 stopped playback does not overwrite saved cursor periodically
00:15 +34: All tests passed!
